###############################################################################
#
# IAR ELF Linker V7.50.2.10312/W32 for ARM                08/Jan/2017  17:00:11
# Copyright 2007-2015 IAR Systems AB.
#
#    Output file  =  
#        E:\Git_Rep\GSM_RTSO_FATFS\EWARM\GSM_RTSO_FATFS\Exe\GSM_RTSO_FATFS.out
#    Map file     =  
#        E:\Git_Rep\GSM_RTSO_FATFS\EWARM\GSM_RTSO_FATFS\List\GSM_RTSO_FATFS.map
#    Command line =  
#        E:\Git_Rep\GSM_RTSO_FATFS\EWARM\GSM_RTSO_FATFS\Obj\1Wire.o
#        E:\Git_Rep\GSM_RTSO_FATFS\EWARM\GSM_RTSO_FATFS\Obj\Arch.o
#        E:\Git_Rep\GSM_RTSO_FATFS\EWARM\GSM_RTSO_FATFS\Obj\cmsis_os.o
#        E:\Git_Rep\GSM_RTSO_FATFS\EWARM\GSM_RTSO_FATFS\Obj\ComPort.o
#        E:\Git_Rep\GSM_RTSO_FATFS\EWARM\GSM_RTSO_FATFS\Obj\croutine.o
#        E:\Git_Rep\GSM_RTSO_FATFS\EWARM\GSM_RTSO_FATFS\Obj\event_groups.o
#        E:\Git_Rep\GSM_RTSO_FATFS\EWARM\GSM_RTSO_FATFS\Obj\freertos.o
#        E:\Git_Rep\GSM_RTSO_FATFS\EWARM\GSM_RTSO_FATFS\Obj\gpio.o
#        E:\Git_Rep\GSM_RTSO_FATFS\EWARM\GSM_RTSO_FATFS\Obj\gsm.o
#        E:\Git_Rep\GSM_RTSO_FATFS\EWARM\GSM_RTSO_FATFS\Obj\heap_4.o
#        E:\Git_Rep\GSM_RTSO_FATFS\EWARM\GSM_RTSO_FATFS\Obj\list.o
#        E:\Git_Rep\GSM_RTSO_FATFS\EWARM\GSM_RTSO_FATFS\Obj\main.o
#        E:\Git_Rep\GSM_RTSO_FATFS\EWARM\GSM_RTSO_FATFS\Obj\misc.o
#        E:\Git_Rep\GSM_RTSO_FATFS\EWARM\GSM_RTSO_FATFS\Obj\port.o
#        E:\Git_Rep\GSM_RTSO_FATFS\EWARM\GSM_RTSO_FATFS\Obj\portasm.o
#        E:\Git_Rep\GSM_RTSO_FATFS\EWARM\GSM_RTSO_FATFS\Obj\programming.o
#        E:\Git_Rep\GSM_RTSO_FATFS\EWARM\GSM_RTSO_FATFS\Obj\queue.o
#        E:\Git_Rep\GSM_RTSO_FATFS\EWARM\GSM_RTSO_FATFS\Obj\SMS.o
#        E:\Git_Rep\GSM_RTSO_FATFS\EWARM\GSM_RTSO_FATFS\Obj\startup_stm32f40xx.o
#        E:\Git_Rep\GSM_RTSO_FATFS\EWARM\GSM_RTSO_FATFS\Obj\stm32f4xx_exti.o
#        E:\Git_Rep\GSM_RTSO_FATFS\EWARM\GSM_RTSO_FATFS\Obj\stm32f4xx_flash.o
#        E:\Git_Rep\GSM_RTSO_FATFS\EWARM\GSM_RTSO_FATFS\Obj\stm32f4xx_flash_ramfunc.o
#        E:\Git_Rep\GSM_RTSO_FATFS\EWARM\GSM_RTSO_FATFS\Obj\stm32f4xx_gpio.o
#        E:\Git_Rep\GSM_RTSO_FATFS\EWARM\GSM_RTSO_FATFS\Obj\stm32f4xx_it.o
#        E:\Git_Rep\GSM_RTSO_FATFS\EWARM\GSM_RTSO_FATFS\Obj\stm32f4xx_iwdg.o
#        E:\Git_Rep\GSM_RTSO_FATFS\EWARM\GSM_RTSO_FATFS\Obj\stm32f4xx_rcc.o
#        E:\Git_Rep\GSM_RTSO_FATFS\EWARM\GSM_RTSO_FATFS\Obj\stm32f4xx_spi.o
#        E:\Git_Rep\GSM_RTSO_FATFS\EWARM\GSM_RTSO_FATFS\Obj\stm32f4xx_tim.o
#        E:\Git_Rep\GSM_RTSO_FATFS\EWARM\GSM_RTSO_FATFS\Obj\stm32f4xx_usart.o
#        E:\Git_Rep\GSM_RTSO_FATFS\EWARM\GSM_RTSO_FATFS\Obj\system_stm32f4xx.o
#        E:\Git_Rep\GSM_RTSO_FATFS\EWARM\GSM_RTSO_FATFS\Obj\tasks.o
#        E:\Git_Rep\GSM_RTSO_FATFS\EWARM\GSM_RTSO_FATFS\Obj\TcpIp.o
#        E:\Git_Rep\GSM_RTSO_FATFS\EWARM\GSM_RTSO_FATFS\Obj\tim.o
#        E:\Git_Rep\GSM_RTSO_FATFS\EWARM\GSM_RTSO_FATFS\Obj\timers.o
#        E:\Git_Rep\GSM_RTSO_FATFS\EWARM\GSM_RTSO_FATFS\Obj\tm_stm32f4_usb_vcp.o
#        E:\Git_Rep\GSM_RTSO_FATFS\EWARM\GSM_RTSO_FATFS\Obj\TQueue.o
#        E:\Git_Rep\GSM_RTSO_FATFS\EWARM\GSM_RTSO_FATFS\Obj\usb_bsp.o
#        E:\Git_Rep\GSM_RTSO_FATFS\EWARM\GSM_RTSO_FATFS\Obj\usb_core.o
#        E:\Git_Rep\GSM_RTSO_FATFS\EWARM\GSM_RTSO_FATFS\Obj\usb_dcd.o
#        E:\Git_Rep\GSM_RTSO_FATFS\EWARM\GSM_RTSO_FATFS\Obj\usb_dcd_int.o
#        E:\Git_Rep\GSM_RTSO_FATFS\EWARM\GSM_RTSO_FATFS\Obj\usbd_cdc_core.o
#        E:\Git_Rep\GSM_RTSO_FATFS\EWARM\GSM_RTSO_FATFS\Obj\usbd_cdc_vcp.o
#        E:\Git_Rep\GSM_RTSO_FATFS\EWARM\GSM_RTSO_FATFS\Obj\usbd_core.o
#        E:\Git_Rep\GSM_RTSO_FATFS\EWARM\GSM_RTSO_FATFS\Obj\usbd_desc.o
#        E:\Git_Rep\GSM_RTSO_FATFS\EWARM\GSM_RTSO_FATFS\Obj\usbd_ioreq.o
#        E:\Git_Rep\GSM_RTSO_FATFS\EWARM\GSM_RTSO_FATFS\Obj\usbd_req.o
#        E:\Git_Rep\GSM_RTSO_FATFS\EWARM\GSM_RTSO_FATFS\Obj\usbd_usr.o
#        E:\Git_Rep\GSM_RTSO_FATFS\EWARM\GSM_RTSO_FATFS\Obj\VoiceCall.o
#        --redirect _Printf=_PrintfFull --redirect _Scanf=_ScanfFull -o
#        E:\Git_Rep\GSM_RTSO_FATFS\EWARM\GSM_RTSO_FATFS\Exe\GSM_RTSO_FATFS.out
#        --map
#        E:\Git_Rep\GSM_RTSO_FATFS\EWARM\GSM_RTSO_FATFS\List\GSM_RTSO_FATFS.map
#        --config E:\Git_Rep\GSM_RTSO_FATFS\EWARM\stm32f407xx_flash.icf
#        --semihosting --entry __iar_program_start --no_vfe
#
###############################################################################

*******************************************************************************
*** RUNTIME MODEL ATTRIBUTES
***

CppFlavor                     = *
__Heap_Handler                = DLMalloc
__SystemLibrary               = DLib
__dlib_dynamic_initialization = normal


*******************************************************************************
*** PLACEMENT SUMMARY
***

"A1":  place at 0x08000000 { ro section .intvec };
"P1":  place in [from 0x08000000 to 0x080fffff] { ro };
"P2":  place in [from 0x20000000 to 0x2001ffff] { rw, block CSTACK, block HEAP };

  Section             Kind        Address    Size  Object
  -------             ----        -------    ----  ------
"A1":                                       0x188
  .intvec             ro code  0x08000000   0x188  startup_stm32f40xx.o [1]
                             - 0x08000188   0x188

"P1":                                      0xa0c6
  .text               ro code  0x08000188  0x14f0  dlmalloc.o [3]
  .text               ro code  0x08001678     0x6  abort.o [3]
  .text               ro code  0x0800167e    0x76  lz77_init_single.o [5]
  .text               ro code  0x080016f4    0x2c  xgetmemchunk.o [3]
  .text               ro code  0x08001720    0x14  exit.o [6]
  .text               ro code  0x08001734  0x1166  xprintffull.o [3]
  .text               ro code  0x0800289a    0x20  xmbtowc.o [3]
  .text               ro code  0x080028ba     0xa  xsprout.o [3]
  .text               ro code  0x080028c4    0x16  strchr.o [5]
  .text               ro code  0x080028dc    0x36  strlen.o [5]
  .text               ro code  0x08002914    0x58  memchr.o [5]
  .text               ro code  0x0800296c     0xa  xmbcurmax.o [3]
  .text               ro code  0x08002976    0x1a  xwctomb.o [3]
  .text               ro code  0x08002990    0x76  ABImemcpy_unaligned.o [5]
  .text               ro code  0x08002a08    0xee  I64DivMod.o [5]
  .text               ro code  0x08002af6    0x42  xdnorm.o [4]
  .text               ro code  0x08002b38    0x2e  DblCmpLe.o [4]
  .text               ro code  0x08002b68    0x2e  DblCmpGe.o [4]
  .text               ro code  0x08002b98   0x114  xdscale.o [4]
  .text               ro code  0x08002cac    0x58  DblToI32.o [4]
  .text               ro code  0x08002d04    0x30  I32ToDbl.o [4]
  .text               ro code  0x08002d34   0x180  DblSub.o [4]
  .text               ro code  0x08002eb4   0x1a2  DblMul.o [4]
  .text               ro code  0x08003058   0x256  DblDiv.o [4]
  .text               ro code  0x080032b0    0x6c  localeconv.o [3]
  .text               ro code  0x0800331c     0xe  div.o [3]
  .text               ro code  0x0800332c    0x24  setlocale.o [3]
  .text               ro code  0x08003350    0x60  xencoding_sb.o [3]
  .text               ro code  0x080033b0     0x2  I64DivZer.o [5]
  .text               ro code  0x080033b4    0xd4  DblAdd.o [4]
  .text               ro code  0x08003488     0x2  xtls.o [3]
  .text               ro code  0x0800348c  0x113c  gsm.o [1]
  .text               ro code  0x080045c8   0x380  ComPort.o [1]
  .text               ro code  0x08004948   0x25c  VoiceCall.o [1]
  .text               ro code  0x08004ba4   0x450  TcpIp.o [1]
  .text               ro code  0x08004ff4   0x124  SMS.o [1]
  .text               ro code  0x08005118    0x38  stm32f4xx_iwdg.o [1]
  .text               ro code  0x08005150    0x28  strncmp.o [3]
  .text               ro code  0x08005178    0xb8  tim.o [1]
  .text               ro code  0x08005230   0x126  gpio.o [1]
  .text               ro code  0x08005356     0x8  atoi.o [3]
  .text               ro code  0x08005360   0x2b6  stm32f4xx_usart.o [1]
  .text               ro code  0x08005618   0x1f8  stm32f4xx_rcc.o [1]
  .text               ro code  0x08005810   0x112  stm32f4xx_gpio.o [1]
  .text               ro code  0x08005924    0x88  misc.o [1]
  .text               ro code  0x080059ac   0x108  tm_stm32f4_usb_vcp.o [1]
  .text               ro code  0x08005ab4    0xde  TQueue.o [1]
  .text               ro code  0x08005b94    0x34  sprintf.o [3]
  .text               ro code  0x08005bc8    0x1c  strcat.o [3]
  .text               ro code  0x08005be4    0x28  strncat.o [3]
  .text               ro code  0x08005c0c    0x6c  strncpy_unaligned.o [5]
  .text               ro code  0x08005c78    0xf4  stm32f4xx_tim.o [1]
  .text               ro code  0x08005d6c   0x198  xstoul.o [3]
  .text               ro code  0x08005f04   0x300  usbd_core.o [1]
  .text               ro code  0x08006204   0x10c  usbd_cdc_vcp.o [1]
  .text               ro code  0x08006310    0x66  ABImemset.o [5]
  .text               ro code  0x08006376    0x14  isxxx.o [3]
  .text               ro code  0x0800638a    0x14  tolower.o [3]
  .text               ro code  0x080063a0     0xc  errno.o [3]
  .text               ro code  0x080063ac   0x120  usb_bsp.o [1]
  .text               ro code  0x080064cc   0x2e2  usb_dcd.o [1]
  .text               ro code  0x080067b0   0x6e6  usbd_req.o [1]
  .text               ro code  0x08006e96    0xe4  usbd_ioreq.o [1]
  .text               ro code  0x08006f7a    0x14  xlocale_c.o [3]
  .text               ro code  0x08006f8e     0xc  xlocale_c.o [3]
  .text               ro code  0x08006f9c     0xc  stm32f4xx_exti.o [1]
  .text               ro code  0x08006fa8   0x67a  usb_dcd_int.o [1]
  .text               ro code  0x08007624   0xb1c  usb_core.o [1]
  .text               ro code  0x08008140   0x724  tasks.o [1]
  .text               ro code  0x08008864   0x200  port.o [1]
  .text               ro code  0x08008a64    0x64  list.o [1]
  .text               ro code  0x08008ac8   0x280  heap_4.o [1]
  CODE                ro code  0x08008d48    0xa8  portasm.o [1]
  .text               ro code  0x08008df0   0x340  usbd_cdc_core.o [1]
  .text               ro code  0x08009130   0x28a  1Wire.o [1]
  .text               ro code  0x080093bc   0x198  programming.o [1]
  .text               ro code  0x08009554     0xc  memcpy.o [3]
  .text               ro code  0x08009560   0x154  system_stm32f4xx.o [1]
  .text               ro code  0x080096b4    0xa8  freertos.o [1]
  .text               ro code  0x0800975c    0x66  cmsis_os.o [1]
  .text               ro code  0x080097c4    0x48  Arch.o [1]
  .text               ro code  0x0800980c    0x98  usbd_desc.o [1]
  .text               ro code  0x080098a4    0x50  stm32f4xx_it.o [1]
  .text               ro code  0x080098f4    0x40  zero_init3.o [5]
  .text               ro code  0x08009934    0x3e  main.o [1]
  .text               ro code  0x08009974    0x3c  usbd_usr.o [1]
  .rodata             const    0x080099b0    0x34  gsm.o [1]
  .rodata             const    0x080099e4    0x30  gsm.o [1]
  .rodata             const    0x08009a14    0x28  gsm.o [1]
  .text               ro code  0x08009a3c    0x28  data_init.o [5]
  .rodata             const    0x08009a64    0x24  usbd_desc.o [1]
  .text               ro code  0x08009a88    0x22  fpinit_M.o [4]
  .iar.init_table     const    0x08009aac    0x20  - Linker created -
  .rodata             const    0x08009acc    0x20  gsm.o [1]
  .rodata             const    0x08009aec    0x1c  gsm.o [1]
  .text               ro code  0x08009b08    0x1a  cmain.o [5]
  .text               ro code  0x08009b22     0x4  low_level_init.o [3]
  .text               ro code  0x08009b26     0x4  exit.o [3]
  .text               ro code  0x08009b2c     0xa  cexit.o [5]
  .rodata             const    0x08009b38    0x14  freertos.o [1]
  .rodata             const    0x08009b4c    0x14  freertos.o [1]
  .rodata             const    0x08009b60    0x14  freertos.o [1]
  .rodata             const    0x08009b74    0x14  freertos.o [1]
  .rodata             const    0x08009b88    0x14  freertos.o [1]
  .rodata             const    0x08009b9c    0x14  gsm.o [1]
  .rodata             const    0x08009bb0    0x14  TcpIp.o [1]
  .rodata             const    0x08009bc4    0x14  TcpIp.o [1]
  .rodata             const    0x08009bd8    0x14  usbd_desc.o [1]
  .rodata             const    0x08009bec    0x10  freertos.o [1]
  .rodata             const    0x08009bfc    0x10  gsm.o [1]
  .rodata             const    0x08009c0c    0x10  gsm.o [1]
  .rodata             const    0x08009c1c    0x10  gsm.o [1]
  .rodata             const    0x08009c2c    0x10  gsm.o [1]
  .rodata             const    0x08009c3c    0x10  gsm.o [1]
  .rodata             const    0x08009c4c    0x10  gsm.o [1]
  .rodata             const    0x08009c5c    0x10  gsm.o [1]
  .rodata             const    0x08009c6c    0x10  gsm.o [1]
  .rodata             const    0x08009c7c    0x10  gsm.o [1]
  .rodata             const    0x08009c8c    0x10  gsm.o [1]
  .rodata             const    0x08009c9c    0x10  gsm.o [1]
  .rodata             const    0x08009cac    0x10  gsm.o [1]
  .rodata             const    0x08009cbc    0x10  gsm.o [1]
  .rodata             const    0x08009ccc    0x10  gsm.o [1]
  .rodata             const    0x08009cdc    0x10  gsm.o [1]
  .rodata             const    0x08009cec    0x10  SMS.o [1]
  .rodata             const    0x08009cfc    0x10  SMS.o [1]
  .rodata             const    0x08009d0c    0x10  TcpIp.o [1]
  .rodata             const    0x08009d1c    0x10  TcpIp.o [1]
  .rodata             const    0x08009d2c    0x10  TcpIp.o [1]
  .rodata             const    0x08009d3c    0x10  TcpIp.o [1]
  .rodata             const    0x08009d4c    0x10  TcpIp.o [1]
  .rodata             const    0x08009d5c    0x10  TcpIp.o [1]
  .rodata             const    0x08009d6c    0x10  TcpIp.o [1]
  .rodata             const    0x08009d7c    0x10  usbd_desc.o [1]
  .rodata             const    0x08009d8c    0x10  usbd_desc.o [1]
  .rodata             const    0x08009d9c    0x10  VoiceCall.o [1]
  .text               ro code  0x08009dac    0x10  startup_stm32f40xx.o [1]
  .rodata             const    0x08009dbc     0xc  freertos.o [1]
  .rodata             const    0x08009dc8     0xc  freertos.o [1]
  .rodata             const    0x08009dd4     0xc  gsm.o [1]
  .rodata             const    0x08009de0     0xc  gsm.o [1]
  .rodata             const    0x08009dec     0xc  gsm.o [1]
  .rodata             const    0x08009df8     0xc  gsm.o [1]
  .rodata             const    0x08009e04     0xc  gsm.o [1]
  .rodata             const    0x08009e10     0xc  gsm.o [1]
  .rodata             const    0x08009e1c     0xc  gsm.o [1]
  .rodata             const    0x08009e28     0xc  gsm.o [1]
  .rodata             const    0x08009e34     0xc  gsm.o [1]
  .rodata             const    0x08009e40     0xc  gsm.o [1]
  .rodata             const    0x08009e4c     0xc  gsm.o [1]
  .rodata             const    0x08009e58     0xc  gsm.o [1]
  .rodata             const    0x08009e64     0xc  gsm.o [1]
  .rodata             const    0x08009e70     0xc  gsm.o [1]
  .rodata             const    0x08009e7c     0xc  gsm.o [1]
  .rodata             const    0x08009e88     0xc  gsm.o [1]
  .rodata             const    0x08009e94     0xc  gsm.o [1]
  .rodata             const    0x08009ea0     0xc  gsm.o [1]
  .rodata             const    0x08009eac     0xc  gsm.o [1]
  .rodata             const    0x08009eb8     0xc  gsm.o [1]
  .rodata             const    0x08009ec4     0xc  gsm.o [1]
  .rodata             const    0x08009ed0     0xc  gsm.o [1]
  .rodata             const    0x08009edc     0xc  SMS.o [1]
  .rodata             const    0x08009ee8     0xc  TcpIp.o [1]
  .rodata             const    0x08009ef4     0xc  usbd_desc.o [1]
  .rodata             const    0x08009f00     0xc  VoiceCall.o [1]
  .rodata             const    0x08009f0c     0xc  VoiceCall.o [1]
  .rodata             const    0x08009f18     0xc  VoiceCall.o [1]
  .text               ro code  0x08009f24     0xc  cstartup_M.o [5]
  .rodata             const    0x08009f30     0x8  gsm.o [1]
  .rodata             const    0x08009f38     0x8  gsm.o [1]
  .rodata             const    0x08009f40     0x8  gsm.o [1]
  .rodata             const    0x08009f48     0x8  gsm.o [1]
  .rodata             const    0x08009f50     0x8  gsm.o [1]
  .rodata             const    0x08009f58     0x8  gsm.o [1]
  .rodata             const    0x08009f60     0x8  gsm.o [1]
  .rodata             const    0x08009f68     0x8  gsm.o [1]
  .rodata             const    0x08009f70     0x8  gsm.o [1]
  .rodata             const    0x08009f78     0x8  gsm.o [1]
  .rodata             const    0x08009f80     0x8  gsm.o [1]
  .rodata             const    0x08009f88     0x8  gsm.o [1]
  .rodata             const    0x08009f90     0x8  gsm.o [1]
  .rodata             const    0x08009f98     0x8  gsm.o [1]
  .rodata             const    0x08009fa0     0x8  gsm.o [1]
  .rodata             const    0x08009fa8     0x8  gsm.o [1]
  .rodata             const    0x08009fb0     0x8  gsm.o [1]
  .rodata             const    0x08009fb8     0x8  gsm.o [1]
  .rodata             const    0x08009fc0     0x8  gsm.o [1]
  .rodata             const    0x08009fc8     0x8  gsm.o [1]
  .rodata             const    0x08009fd0     0x8  gsm.o [1]
  .rodata             const    0x08009fd8     0x8  gsm.o [1]
  .rodata             const    0x08009fe0     0x8  tasks.o [1]
  .rodata             const    0x08009fe8     0x8  TcpIp.o [1]
  .rodata             const    0x08009ff0     0x8  VoiceCall.o [1]
  .rodata             const    0x08009ff8     0x8  VoiceCall.o [1]
  .rodata             const    0x0800a000     0x4  heap_4.o [1]
  .text               ro code  0x0800a004     0x4  startup_stm32f40xx.o [1]
  .text               ro code  0x0800a008     0x4  startup_stm32f40xx.o [1]
  .text               ro code  0x0800a00c     0x4  startup_stm32f40xx.o [1]
  .text               ro code  0x0800a010     0x4  startup_stm32f40xx.o [1]
  .text               ro code  0x0800a014     0x4  startup_stm32f40xx.o [1]
  .text               ro code  0x0800a018     0x4  startup_stm32f40xx.o [1]
  .text               ro code  0x0800a01c     0x4  startup_stm32f40xx.o [1]
  .text               ro code  0x0800a020     0x4  startup_stm32f40xx.o [1]
  .text               ro code  0x0800a024     0x4  startup_stm32f40xx.o [1]
  .text               ro code  0x0800a028     0x4  startup_stm32f40xx.o [1]
  .text               ro code  0x0800a02c     0x4  startup_stm32f40xx.o [1]
  .text               ro code  0x0800a030     0x4  startup_stm32f40xx.o [1]
  .text               ro code  0x0800a034     0x4  startup_stm32f40xx.o [1]
  .text               ro code  0x0800a038     0x4  startup_stm32f40xx.o [1]
  .text               ro code  0x0800a03c     0x4  startup_stm32f40xx.o [1]
  .text               ro code  0x0800a040     0x4  startup_stm32f40xx.o [1]
  .text               ro code  0x0800a044     0x4  startup_stm32f40xx.o [1]
  .text               ro code  0x0800a048     0x4  startup_stm32f40xx.o [1]
  .text               ro code  0x0800a04c     0x4  startup_stm32f40xx.o [1]
  .text               ro code  0x0800a050     0x4  startup_stm32f40xx.o [1]
  .text               ro code  0x0800a054     0x4  startup_stm32f40xx.o [1]
  .text               ro code  0x0800a058     0x4  startup_stm32f40xx.o [1]
  .text               ro code  0x0800a05c     0x4  startup_stm32f40xx.o [1]
  .text               ro code  0x0800a060     0x4  startup_stm32f40xx.o [1]
  .text               ro code  0x0800a064     0x4  startup_stm32f40xx.o [1]
  .text               ro code  0x0800a068     0x4  startup_stm32f40xx.o [1]
  .text               ro code  0x0800a06c     0x4  startup_stm32f40xx.o [1]
  .text               ro code  0x0800a070     0x4  startup_stm32f40xx.o [1]
  .text               ro code  0x0800a074     0x4  startup_stm32f40xx.o [1]
  .text               ro code  0x0800a078     0x4  startup_stm32f40xx.o [1]
  .text               ro code  0x0800a07c     0x4  startup_stm32f40xx.o [1]
  .text               ro code  0x0800a080     0x4  startup_stm32f40xx.o [1]
  .text               ro code  0x0800a084     0x4  startup_stm32f40xx.o [1]
  .text               ro code  0x0800a088     0x4  startup_stm32f40xx.o [1]
  .text               ro code  0x0800a08c     0x4  startup_stm32f40xx.o [1]
  .text               ro code  0x0800a090     0x4  startup_stm32f40xx.o [1]
  .text               ro code  0x0800a094     0x4  startup_stm32f40xx.o [1]
  .text               ro code  0x0800a098     0x4  startup_stm32f40xx.o [1]
  .text               ro code  0x0800a09c     0x4  startup_stm32f40xx.o [1]
  .text               ro code  0x0800a0a0     0x4  startup_stm32f40xx.o [1]
  .text               ro code  0x0800a0a4     0x4  startup_stm32f40xx.o [1]
  .text               ro code  0x0800a0a8     0x4  startup_stm32f40xx.o [1]
  .text               ro code  0x0800a0ac     0x4  startup_stm32f40xx.o [1]
  .text               ro code  0x0800a0b0     0x4  startup_stm32f40xx.o [1]
  .text               ro code  0x0800a0b4     0x4  startup_stm32f40xx.o [1]
  .text               ro code  0x0800a0b8     0x4  startup_stm32f40xx.o [1]
  .text               ro code  0x0800a0bc     0x4  startup_stm32f40xx.o [1]
  .text               ro code  0x0800a0c0     0x4  startup_stm32f40xx.o [1]
  .text               ro code  0x0800a0c4     0x4  startup_stm32f40xx.o [1]
  .text               ro code  0x0800a0c8     0x4  startup_stm32f40xx.o [1]
  .text               ro code  0x0800a0cc     0x4  startup_stm32f40xx.o [1]
  .text               ro code  0x0800a0d0     0x4  startup_stm32f40xx.o [1]
  .text               ro code  0x0800a0d4     0x4  startup_stm32f40xx.o [1]
  .text               ro code  0x0800a0d8     0x4  startup_stm32f40xx.o [1]
  .text               ro code  0x0800a0dc     0x4  startup_stm32f40xx.o [1]
  .text               ro code  0x0800a0e0     0x4  startup_stm32f40xx.o [1]
  .text               ro code  0x0800a0e4     0x4  startup_stm32f40xx.o [1]
  .text               ro code  0x0800a0e8     0x4  startup_stm32f40xx.o [1]
  .text               ro code  0x0800a0ec     0x4  startup_stm32f40xx.o [1]
  .text               ro code  0x0800a0f0     0x4  startup_stm32f40xx.o [1]
  .text               ro code  0x0800a0f4     0x4  startup_stm32f40xx.o [1]
  .text               ro code  0x0800a0f8     0x4  startup_stm32f40xx.o [1]
  .text               ro code  0x0800a0fc     0x4  startup_stm32f40xx.o [1]
  .text               ro code  0x0800a100     0x4  startup_stm32f40xx.o [1]
  .text               ro code  0x0800a104     0x4  startup_stm32f40xx.o [1]
  .text               ro code  0x0800a108     0x4  startup_stm32f40xx.o [1]
  .text               ro code  0x0800a10c     0x4  startup_stm32f40xx.o [1]
  .text               ro code  0x0800a110     0x4  startup_stm32f40xx.o [1]
  .text               ro code  0x0800a114     0x4  startup_stm32f40xx.o [1]
  .text               ro code  0x0800a118     0x4  startup_stm32f40xx.o [1]
  .text               ro code  0x0800a11c     0x4  startup_stm32f40xx.o [1]
  .text               ro code  0x0800a120     0x4  startup_stm32f40xx.o [1]
  .text               ro code  0x0800a124     0x4  startup_stm32f40xx.o [1]
  .text               ro code  0x0800a128     0x4  startup_stm32f40xx.o [1]
  .text               ro code  0x0800a12c     0x4  startup_stm32f40xx.o [1]
  .text               ro code  0x0800a130     0x4  startup_stm32f40xx.o [1]
  .text               ro code  0x0800a134     0x4  startup_stm32f40xx.o [1]
  .text               ro code  0x0800a138     0x4  startup_stm32f40xx.o [1]
  .rodata             const    0x0800a13c     0x0  zero_init3.o [5]
  .rodata             const    0x0800a13c     0x0  lz77_init_single.o [5]
  Initializer bytes   const    0x0800a13c   0x112  <for P2-1>
                             - 0x0800a24e  0xa0c6

"P2", part 1 of 3:                          0x23a
  P2-1                         0x20000000   0x23a  <Init block>
    .data             inited   0x20000000     0x4  port.o [1]
    .data             inited   0x20000004     0xc  SMS.o [1]
    .data             inited   0x20000010    0x10  stm32f4xx_rcc.o [1]
    .data             inited   0x20000020     0x4  system_stm32f4xx.o [1]
    .data             inited   0x20000024     0x4  usbd_cdc_core.o [1]
    .data             inited   0x20000028    0x2c  usbd_cdc_core.o [1]
    .data             inited   0x20000054    0x44  usbd_cdc_core.o [1]
    .data             inited   0x20000098     0x8  usbd_cdc_vcp.o [1]
    .data             inited   0x200000a0    0x14  usbd_cdc_vcp.o [1]
    .data             inited   0x200000b4    0x2c  usbd_core.o [1]
    .data             inited   0x200000e0     0x4  usbd_core.o [1]
    .data             inited   0x200000e4    0x1c  usbd_desc.o [1]
    .data             inited   0x20000100    0x14  usbd_desc.o [1]
    .data             inited   0x20000114     0x4  usbd_desc.o [1]
    .data             inited   0x20000118    0x1c  usbd_usr.o [1]
    .data             inited   0x20000134     0x4  VoiceCall.o [1]
    __DLIB_PERTHREAD  inited   0x20000138     0x4  errno.o [3]
    __DLIB_PERTHREAD  inited   0x2000013c    0x88  localeconv.o [3]
    __DLIB_PERTHREAD  inited   0x200001c4    0x74  setlocale.o [3]
    .data             inited   0x20000238     0x1  main.o [1]
    .data             inited   0x20000239     0x1  usbd_usr.o [1]
                             - 0x2000023a   0x23a

"P2", part 2 of 3:                         0x1400
  CSTACK                       0x20000240   0x400  <Block>
    CSTACK            uninit   0x20000240   0x400  <Block tail>
  HEAP                         0x20000640  0x1000  <Block>
    HEAP              uninit   0x20000640  0x1000  <Block tail>
                             - 0x20001640  0x1400

"P2", part 3 of 3:                         0x54a0
  .bss                zero     0x20001640  0x3c00  heap_4.o [1]
  .bss                zero     0x20005240   0x800  usbd_cdc_core.o [1]
  .bss                zero     0x20005a40   0x5f4  tm_stm32f4_usb_vcp.o [1]
  .bss                zero     0x20006034   0x1d8  dlmalloc.o [3]
  .bss                zero     0x2000620c   0x100  usbd_req.o [1]
  .bss                zero     0x2000630c    0xc8  ComPort.o [1]
  .bss                zero     0x200063d4    0xc8  ComPort.o [1]
  .bss                zero     0x2000649c    0xc8  ComPort.o [1]
  .bss                zero     0x20006564    0x98  programming.o [1]
  .bss                zero     0x200065fc    0x8c  tasks.o [1]
  .bss                zero     0x20006688    0x80  tm_stm32f4_usb_vcp.o [1]
  .bss                zero     0x20006708    0x64  gsm.o [1]
  .bss                zero     0x2000676c    0x64  gsm.o [1]
  .bss                zero     0x200067d0    0x64  gsm.o [1]
  .bss                zero     0x20006834    0x40  usbd_cdc_core.o [1]
  .bss                zero     0x20006874    0x28  ComPort.o [1]
  .bss                zero     0x2000689c    0x28  ComPort.o [1]
  .bss                zero     0x200068c4    0x18  dlmalloc.o [3]
  .bss                zero     0x200068dc    0x14  gsm.o [1]
  .bss                zero     0x200068f0    0x14  tasks.o [1]
  .bss                zero     0x20006904    0x14  tasks.o [1]
  .bss                zero     0x20006918    0x14  tasks.o [1]
  .bss                zero     0x2000692c    0x14  tasks.o [1]
  .bss                zero     0x20006940    0x14  tasks.o [1]
  .bss                zero     0x20006954    0x14  VoiceCall.o [1]
  .bss                zero     0x20006968    0x14  VoiceCall.o [1]
  .bss                zero     0x2000697c     0xc  gsm.o [1]
  .bss                zero     0x20006988     0xc  gsm.o [1]
  .bss                zero     0x20006994     0xc  SMS.o [1]
  .bss                zero     0x200069a0     0xc  TcpIp.o [1]
  .bss                zero     0x200069ac     0xc  TcpIp.o [1]
  .bss                zero     0x200069b8     0xc  VoiceCall.o [1]
  .bss                zero     0x200069c4     0x8  heap_4.o [1]
  .bss                zero     0x200069cc     0x8  usbd_cdc_core.o [1]
  .bss                zero     0x200069d4     0x4  1Wire.o [1]
  .bss                zero     0x200069d8     0x4  1Wire.o [1]
  .bss                zero     0x200069dc     0x4  1Wire.o [1]
  .bss                zero     0x200069e0     0x4  1Wire.o [1]
  .bss                zero     0x200069e4     0x4  1Wire.o [1]
  .bss                zero     0x200069e8     0x4  1Wire.o [1]
  .bss                zero     0x200069ec     0x4  1Wire.o [1]
  .bss                zero     0x200069f0     0x4  ComPort.o [1]
  .bss                zero     0x200069f4     0x4  freertos.o [1]
  .bss                zero     0x200069f8     0x4  freertos.o [1]
  .bss                zero     0x200069fc     0x4  freertos.o [1]
  .bss                zero     0x20006a00     0x4  freertos.o [1]
  .bss                zero     0x20006a04     0x4  gsm.o [1]
  .bss                zero     0x20006a08     0x4  gsm.o [1]
  .bss                zero     0x20006a0c     0x4  gsm.o [1]
  .bss                zero     0x20006a10     0x4  gsm.o [1]
  .bss                zero     0x20006a14     0x4  gsm.o [1]
  .bss                zero     0x20006a18     0x4  gsm.o [1]
  .bss                zero     0x20006a1c     0x4  gsm.o [1]
  .bss                zero     0x20006a20     0x4  heap_4.o [1]
  .bss                zero     0x20006a24     0x4  heap_4.o [1]
  .bss                zero     0x20006a28     0x4  heap_4.o [1]
  .bss                zero     0x20006a2c     0x4  heap_4.o [1]
  .bss                zero     0x20006a30     0x4  port.o [1]
  .bss                zero     0x20006a34     0x4  programming.o [1]
  .bss                zero     0x20006a38     0x4  programming.o [1]
  .bss                zero     0x20006a3c     0x4  programming.o [1]
  .bss                zero     0x20006a40     0x4  SMS.o [1]
  .bss                zero     0x20006a44     0x4  tasks.o [1]
  .bss                zero     0x20006a48     0x4  tasks.o [1]
  .bss                zero     0x20006a4c     0x4  tasks.o [1]
  .bss                zero     0x20006a50     0x4  tasks.o [1]
  .bss                zero     0x20006a54     0x4  tasks.o [1]
  .bss                zero     0x20006a58     0x4  tasks.o [1]
  .bss                zero     0x20006a5c     0x4  tasks.o [1]
  .bss                zero     0x20006a60     0x4  tasks.o [1]
  .bss                zero     0x20006a64     0x4  tasks.o [1]
  .bss                zero     0x20006a68     0x4  tasks.o [1]
  .bss                zero     0x20006a6c     0x4  tasks.o [1]
  .bss                zero     0x20006a70     0x4  tasks.o [1]
  .bss                zero     0x20006a74     0x4  tasks.o [1]
  .bss                zero     0x20006a78     0x4  tasks.o [1]
  .bss                zero     0x20006a7c     0x4  tim.o [1]
  .bss                zero     0x20006a80     0x4  tm_stm32f4_usb_vcp.o [1]
  .bss                zero     0x20006a84     0x4  tm_stm32f4_usb_vcp.o [1]
  .bss                zero     0x20006a88     0x4  tm_stm32f4_usb_vcp.o [1]
  .bss                zero     0x20006a8c     0x4  usbd_cdc_core.o [1]
  .bss                zero     0x20006a90     0x4  usbd_cdc_core.o [1]
  .bss                zero     0x20006a94     0x4  usbd_cdc_core.o [1]
  .bss                zero     0x20006a98     0x4  usbd_cdc_core.o [1]
  .bss                zero     0x20006a9c     0x4  usbd_cdc_core.o [1]
  .bss                zero     0x20006aa0     0x4  usbd_cdc_core.o [1]
  .bss                zero     0x20006aa4     0x4  usbd_core.o [1]
  .bss                zero     0x20006aa8     0x4  usbd_req.o [1]
  .bss                zero     0x20006aac     0x4  usbd_req.o [1]
  .bss                zero     0x20006ab0     0x4  usbd_req.o [1]
  .bss                zero     0x20006ab4     0x4  VoiceCall.o [1]
  .bss                zero     0x20006ab8     0x4  VoiceCall.o [1]
  .bss                zero     0x20006abc     0x4  VoiceCall.o [1]
  .bss                zero     0x20006ac0     0x4  xgetmemchunk.o [3]
  .bss                zero     0x20006ac4     0x2  gsm.o [1]
  .bss                zero     0x20006ac6     0x2  gsm.o [1]
  .bss                zero     0x20006ac8     0x2  gsm.o [1]
  .bss                zero     0x20006aca     0x1  1Wire.o [1]
  .bss                zero     0x20006acb     0x1  ComPort.o [1]
  .bss                zero     0x20006acc     0x1  gsm.o [1]
  .bss                zero     0x20006acd     0x1  gsm.o [1]
  .bss                zero     0x20006ace     0x1  gsm.o [1]
  .bss                zero     0x20006acf     0x1  gsm.o [1]
  .bss                zero     0x20006ad0     0x1  gsm.o [1]
  .bss                zero     0x20006ad1     0x1  gsm.o [1]
  .bss                zero     0x20006ad2     0x1  port.o [1]
  .bss                zero     0x20006ad3     0x1  programming.o [1]
  .bss                zero     0x20006ad4     0x1  programming.o [1]
  .bss                zero     0x20006ad5     0x1  SMS.o [1]
  .bss                zero     0x20006ad6     0x1  stm32f4xx_it.o [1]
  .bss                zero     0x20006ad7     0x1  TcpIp.o [1]
  .bss                zero     0x20006ad8     0x1  TcpIp.o [1]
  .bss                zero     0x20006ad9     0x1  tm_stm32f4_usb_vcp.o [1]
  .bss                zero     0x20006ada     0x1  usbd_cdc_core.o [1]
  .bss                zero     0x20006adb     0x1  usbd_req.o [1]
  .bss                zero     0x20006adc     0x1  VoiceCall.o [1]
                             - 0x20006add  0x549d


*******************************************************************************
*** INIT TABLE
***

          Address     Size
          -------     ----
Zero (__iar_zero_init3)
    1 destination range, total size 0x549d:
          0x20001640  0x549d

Copy/lz77 (__iar_lz77_init_single3)
    1 source range, total size 0x112 (48% of destination):
          0x0800a13c   0x112
    1 destination range, total size 0x23a:
          0x20000000   0x23a



*******************************************************************************
*** MODULE SUMMARY
***

    Module                 ro code  ro data  rw data
    ------                 -------  -------  -------
E:\Git_Rep\GSM_RTSO_FATFS\EWARM\GSM_RTSO_FATFS\Obj: [1]
    1Wire.o                    650                29
    Arch.o                      72
    ComPort.o                  896               685
    SMS.o                      292       50       29
    TQueue.o                   222
    TcpIp.o                  1 104      172       26
    VoiceCall.o                604       69       69
    cmsis_os.o                 102
    freertos.o                 168      140       16
    gpio.o                     294
    gsm.o                    4 412      900      384
    heap_4.o                   640        4   15 384
    list.o                     100
    main.o                      62                 1
    misc.o                     136
    port.o                     512        1        9
    portasm.o                  168
    programming.o              408               166
    startup_stm32f40xx.o       720
    stm32f4xx_exti.o            12
    stm32f4xx_gpio.o           274
    stm32f4xx_it.o              80                 1
    stm32f4xx_iwdg.o            56
    stm32f4xx_rcc.o            504        8       16
    stm32f4xx_tim.o            244
    stm32f4xx_usart.o          694
    system_stm32f4xx.o         340        2        4
    tasks.o                  1 828        8      296
    tim.o                      184                 4
    tm_stm32f4_usb_vcp.o       264             1 665
    usb_bsp.o                  288
    usb_core.o               2 844
    usb_dcd.o                  738
    usb_dcd_int.o            1 658
    usbd_cdc_core.o            832       56    2 261
    usbd_cdc_vcp.o             268       13       28
    usbd_core.o                768       23       52
    usbd_desc.o                152      125       52
    usbd_ioreq.o               228
    usbd_req.o               1 766               269
    usbd_usr.o                  60       15       29
    ------------------------------------------------
    Total:                  25 644    1 586   21 475

command line: [2]
    ------------------------------------------------
    Total:

dl7M_tlf.a: [3]
    abort.o                      6
    atoi.o                       8
    div.o                       14
    dlmalloc.o               5 360               496
    errno.o                     12        2        4
    exit.o                       4
    isxxx.o                     20
    localeconv.o               108       66      136
    low_level_init.o             4
    memcpy.o                    12
    setlocale.o                 36       56      116
    sprintf.o                   52
    strcat.o                    28
    strncat.o                   40
    strncmp.o                   40
    tolower.o                   20
    xencoding_sb.o              96
    xgetmemchunk.o              44                 4
    xlocale_c.o                 32
    xmbcurmax.o                 10
    xmbtowc.o                   32
    xprintffull.o            4 454
    xsprout.o                   10
    xstoul.o                   408
    xtls.o                       2
    xwctomb.o                   26
    ------------------------------------------------
    Total:                  10 878      124      756

m7M_tls.a: [4]
    DblAdd.o                   212
    DblCmpGe.o                  46
    DblCmpLe.o                  46
    DblDiv.o                   598
    DblMul.o                   418
    DblSub.o                   384
    DblToI32.o                  88
    I32ToDbl.o                  48
    fpinit_M.o                  34
    xdnorm.o                    66
    xdscale.o                  276
    ------------------------------------------------
    Total:                   2 216

rt7M_tl.a: [5]
    ABImemcpy_unaligned.o      118
    ABImemset.o                102
    I64DivMod.o                238
    I64DivZer.o                  2
    cexit.o                     10
    cmain.o                     26
    cstartup_M.o                12
    data_init.o                 40
    lz77_init_single.o         118
    memchr.o                    88
    strchr.o                    22
    strlen.o                    54
    strncpy_unaligned.o        108
    zero_init3.o                64
    ------------------------------------------------
    Total:                   1 002

shb_l.a: [6]
    exit.o                      20
    ------------------------------------------------
    Total:                      20

    Gaps                        44        4
    Linker created                       32    5 120
----------------------------------------------------
    Grand Total:            39 804    1 746   27 351


*******************************************************************************
*** ENTRY LIST
***

Entry                      Address    Size  Type      Object
-----                      -------    ----  ----      ------
.iar.init_table$$Base   0x08009aac           --   Gb  - Linker created -
.iar.init_table$$Limit  0x08009acc           --   Gb  - Linker created -
?main                   0x08009b09          Code  Gb  cmain.o [5]
APBAHBPrescTable        0x20000010    0x10  Data  Lc  stm32f4xx_rcc.o [1]
APP_Rx_Buffer           0x20005240   0x800  Data  Gb  usbd_cdc_core.o [1]
APP_Rx_length           0x20006a98     0x4  Data  Gb  usbd_cdc_core.o [1]
APP_Rx_ptr_in           0x20006a90     0x4  Data  Gb  usbd_cdc_core.o [1]
APP_Rx_ptr_out          0x20006a94     0x4  Data  Gb  usbd_cdc_core.o [1]
BusFault_Handler        0x080098dd     0x8  Code  Gb  stm32f4xx_it.o [1]
COMPORT1                0x20006874    0x28  Data  Gb  ComPort.o [1]
COMPORT2                0x2000689c    0x28  Data  Gb  ComPort.o [1]
CRC8                    0x0800936d    0x4e  Code  Gb  1Wire.o [1]
CSTACK$$Base            0x20000240           --   Gb  - Linker created -
CSTACK$$Limit           0x20000640           --   Gb  - Linker created -
CallTask                0x080097d1    0x32  Code  Gb  Arch.o [1]
Catch                   0x080098a5    0x1a  Code  Gb  stm32f4xx_it.o [1]
CheckKey                0x0800917b    0x58  Code  Gb  1Wire.o [1]
ClearUARTErrors         0x08004897     0x2  Code  Gb  ComPort.o [1]
ClosePort               0x08004761    0x32  Code  Gb  ComPort.o [1]
CmdBuff                 0x200069cc     0x8  Data  Gb  usbd_cdc_core.o [1]
ComPortCycle            0x08004899    0x72  Code  Gb  ComPort.o [1]
ComPort_TaskHandle      0x200069f8     0x4  Data  Gb  freertos.o [1]
ComPort_Task_Loop       0x08004869    0x2e  Code  Gb  ComPort.o [1]
ComPort_Task_Start      0x0800973f     0xa  Code  Gb  freertos.o [1]
CommandBuffer           0x200067d0    0x64  Data  Gb  gsm.o [1]
ComminicationTaskHandle
                        0x20006a00     0x4  Data  Gb  freertos.o [1]
ComminicationTaskLoop   0x080097c5     0xc  Code  Gb  Arch.o [1]
ComminicationTask_Start
                        0x08009753     0xa  Code  Gb  freertos.o [1]
CreatePacket            0x08009531    0x24  Code  Gb  programming.o [1]
CurrentSimNum           0x20006a04     0x4  Data  Gb  gsm.o [1]
DCD_EP_Close            0x080065ed    0x4c  Code  Gb  usb_dcd.o [1]
DCD_EP_ClrStall         0x08006749    0x4c  Code  Gb  usb_dcd.o [1]
DCD_EP_Open             0x0800656f    0x7e  Code  Gb  usb_dcd.o [1]
DCD_EP_PrepareRx        0x08006639    0x66  Code  Gb  usb_dcd.o [1]
DCD_EP_SetAddress       0x08006795    0x1a  Code  Gb  usb_dcd.o [1]
DCD_EP_Stall            0x080066fd    0x4c  Code  Gb  usb_dcd.o [1]
DCD_EP_Tx               0x0800669f    0x5e  Code  Gb  usb_dcd.o [1]
DCD_HandleEnumDone_ISR  0x08007561    0x4e  Code  Lc  usb_dcd_int.o [1]
DCD_HandleInEP_ISR      0x08007165   0x102  Code  Lc  usb_dcd_int.o [1]
DCD_HandleOutEP_ISR     0x08007267    0xd8  Code  Lc  usb_dcd_int.o [1]
DCD_HandleResume_ISR    0x08007093    0x4c  Code  Lc  usb_dcd_int.o [1]
DCD_HandleRxStatusQueueLevel_ISR
                        0x0800735d    0x9e  Code  Lc  usb_dcd_int.o [1]
DCD_HandleSof_ISR       0x0800733f    0x1e  Code  Lc  usb_dcd_int.o [1]
DCD_HandleUSBSuspend_ISR
                        0x080070df    0x86  Code  Lc  usb_dcd_int.o [1]
DCD_HandleUsbReset_ISR  0x0800749b    0xc6  Code  Lc  usb_dcd_int.o [1]
DCD_Init                0x080064cd    0xa2  Code  Gb  usb_dcd.o [1]
DCD_IsoINIncomplete_ISR
                        0x080075af    0x1e  Code  Lc  usb_dcd_int.o [1]
DCD_IsoOUTIncomplete_ISR
                        0x080075cd    0x1e  Code  Lc  usb_dcd_int.o [1]
DCD_ReadDevInEP         0x080075f5    0x2e  Code  Lc  usb_dcd_int.o [1]
DCD_WriteEmptyTxFifo    0x080073fb    0xa0  Code  Lc  usb_dcd_int.o [1]
DTMF_RxQueue            0x20006954    0x14  Data  Gb  VoiceCall.o [1]
DTMF_TxQueue            0x20006968    0x14  Data  Gb  VoiceCall.o [1]
DebugMon_Handler        0x080098ed     0x8  Code  Gb  stm32f4xx_it.o [1]
EXTI_ClearITPendingBit  0x08006f9d     0x6  Code  Gb  stm32f4xx_exti.o [1]
Epsilon                 0x20006aca     0x1  Data  Gb  1Wire.o [1]
FlushRx                 0x08004935     0xa  Code  Gb  ComPort.o [1]
FlushTx                 0x0800493f     0xa  Code  Gb  ComPort.o [1]
GPIO_Init               0x08005811    0xaa  Code  Gb  stm32f4xx_gpio.o [1]
GPIO_PinAFConfig        0x080058c9    0x5a  Code  Gb  stm32f4xx_gpio.o [1]
GPIO_WriteBit           0x080058bb     0xe  Code  Gb  stm32f4xx_gpio.o [1]
GSMDialPrefix           0x20000134     0x4  Data  Gb  VoiceCall.o [1]
GSMPowerCycle           0x08003ccf   0x154  Code  Gb  gsm.o [1]
GSMPowerTurnOff         0x08003c69    0x2a  Code  Gb  gsm.o [1]
GSMPowerTurnOn          0x08003c3f    0x2a  Code  Gb  gsm.o [1]
GSM_ExecuteATCommand    0x0800420d    0x1e  Code  Gb  gsm.o [1]
GSM_ExecuteATCommand_withLength
                        0x0800422b    0xf0  Code  Gb  gsm.o [1]
GSM_GeneralState        0x20006acc     0x1  Data  Gb  gsm.o [1]
GSM_POWERKEY_Set        0x080052cb    0x22  Code  Gb  gpio.o [1]
GSM_POWERPIN_Set        0x080052ed    0x26  Code  Gb  gpio.o [1]
GSM_Port                0x20006a08     0x4  Data  Gb  gsm.o [1]
GSM_PowerCycle          0x20006acd     0x1  Data  Gb  gsm.o [1]
GSM_SIM_Switcher_Get    0x08005345     0x4  Code  Gb  gpio.o [1]
GSM_SIM_Switcher_Set    0x08005313    0x26  Code  Gb  gpio.o [1]
GSM_SendATCommand       0x08003e23    0x20  Code  Gb  gsm.o [1]
GSM_Task                0x08003503   0x73c  Code  Gb  gsm.o [1]
GSM_TaskHandle          0x200069f4     0x4  Data  Gb  freertos.o [1]
GSM_Task_Loop           0x0800348d    0x76  Code  Gb  gsm.o [1]
GSM_Task_Start          0x08009735     0xa  Code  Gb  freertos.o [1]
GSM_WaitAnswer          0x08004121    0xbc  Code  Gb  gsm.o [1]
GetByte                 0x080047f3    0x50  Code  Gb  ComPort.o [1]
GetByteForTx            0x080047bd    0x36  Code  Gb  ComPort.o [1]
GetNextResult           0x08003e55   0x2be  Code  Gb  gsm.o [1]
GetResultType           0x08004379   0x16e  Code  Gb  gsm.o [1]
HEAP$$Base              0x20000640           --   Gb  - Linker created -
HEAP$$Limit             0x20001640           --   Gb  - Linker created -
Handle_USBAsynchXfer    0x0800902b    0xba  Code  Lc  usbd_cdc_core.o [1]
HardFault_Handler       0x080098cd     0x8  Code  Gb  stm32f4xx_it.o [1]
HardwareType            0x20000238     0x1  Data  Gb  main.o [1]
IWDG_Enable             0x0800513b     0xa  Code  Gb  stm32f4xx_iwdg.o [1]
IWDG_ReloadCounter      0x08005131     0xa  Code  Gb  stm32f4xx_iwdg.o [1]
IWDG_SetPrescaler       0x08005121     0x8  Code  Gb  stm32f4xx_iwdg.o [1]
IWDG_SetReload          0x08005129     0x8  Code  Gb  stm32f4xx_iwdg.o [1]
IWDG_WriteAccessCmd     0x08005119     0x8  Code  Gb  stm32f4xx_iwdg.o [1]
InitSysTicks            0x0800518d    0x6c  Code  Gb  tim.o [1]
Init_GPIO               0x08005231    0x9a  Code  Gb  gpio.o [1]
LoadInt                 0x08001d83    0x6e  Code  Lc  xprintffull.o [3]
MX_FREERTOS_Init        0x080096b5    0x60  Code  Gb  freertos.o [1]
MemManage_Handler       0x080098d5     0x8  Code  Gb  stm32f4xx_it.o [1]
NMI_Handler             0x080098c5     0x8  Code  Gb  stm32f4xx_it.o [1]
NVIC_EnableIRQ          0x08005179    0x14  Code  Lc  tim.o [1]
NVIC_Init               0x0800592f    0x6a  Code  Gb  misc.o [1]
NVIC_PriorityGroupConfig
                        0x08005925     0xa  Code  Gb  misc.o [1]
OTG_FS_IRQHandler       0x080064bb     0xa  Code  Gb  usb_bsp.o [1]
OTG_FS_WKUP_IRQHandler  0x080064af     0xc  Code  Gb  usb_bsp.o [1]
OW_read_bit             0x080092ad    0x3c  Code  Gb  1Wire.o [1]
OW_read_byte            0x08009345    0x28  Code  Gb  1Wire.o [1]
OW_reset_pulse          0x080091d3    0x88  Code  Gb  1Wire.o [1]
OW_wait_HIGH            0x200069e4     0x4  Data  Gb  1Wire.o [1]
OW_wait_HIGH_STM32      0x08005353     0x2  Code  Gb  gpio.o [1]
OW_write_bit            0x0800925b    0x52  Code  Gb  1Wire.o [1]
OW_write_byte           0x08009325    0x20  Code  Gb  1Wire.o [1]
OnrWireTaskLoop         0x08009131    0x4a  Code  Gb  1Wire.o [1]
OnwWireTaskHandle       0x200069fc     0x4  Data  Gb  freertos.o [1]
OnwWireTask_Start       0x08009749     0xa  Code  Gb  freertos.o [1]
OpenPort                0x080045c9   0x166  Code  Gb  ComPort.o [1]
PendSV_Handler          0x08008d49          Code  Gb  portasm.o [1]
Port                    0x20006a34     0x4  Data  Gb  programming.o [1]
PowerHandleTick         0x20006a10     0x4  Data  Lc  gsm.o [1]
ProgTestBuff            0x20006564    0x98  Data  Gb  programming.o [1]
ProgrammingMaschine     0x080093bd   0x15a  Code  Gb  programming.o [1]
ProgrammingMaschine_State
                        0x20006ad3     0x1  Data  Gb  programming.o [1]
PutByte                 0x08004793    0x2a  Code  Gb  ComPort.o [1]
PutByteToRxbuffer       0x08004843    0x26  Code  Gb  ComPort.o [1]
QueueCreate             0x08005ab5    0x1e  Code  Gb  TQueue.o [1]
QueueGetByte            0x08005b11    0x4c  Code  Gb  TQueue.o [1]
QueueHasData            0x08005b5d    0x36  Code  Gb  TQueue.o [1]
QueuePutByte            0x08005ad3    0x3e  Code  Gb  TQueue.o [1]
RCC_AHB1PeriphClockCmd  0x0800571b    0x22  Code  Gb  stm32f4xx_rcc.o [1]
RCC_AHB2PeriphClockCmd  0x0800573d    0x1e  Code  Gb  stm32f4xx_rcc.o [1]
RCC_APB1PeriphClockCmd  0x0800575b    0x1e  Code  Gb  stm32f4xx_rcc.o [1]
RCC_APB1PeriphResetCmd  0x08005797    0x1e  Code  Gb  stm32f4xx_rcc.o [1]
RCC_APB2PeriphClockCmd  0x08005779    0x1e  Code  Gb  stm32f4xx_rcc.o [1]
RCC_APB2PeriphResetCmd  0x080057b5    0x1e  Code  Gb  stm32f4xx_rcc.o [1]
RCC_ClearFlag           0x080057d3     0xe  Code  Gb  stm32f4xx_rcc.o [1]
RCC_GetClocksFreq       0x08005619   0x102  Code  Gb  stm32f4xx_rcc.o [1]
Region$$Table$$Base     0x08009aac           --   Gb  - Linker created -
Region$$Table$$Limit    0x08009acc           --   Gb  - Linker created -
SET_TEST_MODE           0x20006aa4     0x4  Data  Gb  usbd_core.o [1]
SIMstate                0x20006ac4     0x2  Data  Gb  gsm.o [1]
SMS_Machine             0x08004ff5   0x106  Code  Gb  SMS.o [1]
SMS_Machine_State       0x20006ad5     0x1  Data  Gb  SMS.o [1]
SMS_Receive             0x20006994     0xc  Data  Gb  SMS.o [1]
SVC_Handler             0x08008da1          Code  Gb  portasm.o [1]
SelectSIM               0x08003c99    0x36  Code  Gb  gsm.o [1]
SendDTMF                0x08004b2d    0x10  Code  Gb  VoiceCall.o [1]
SendDTMFMaschine        0x08004b3d    0x30  Code  Gb  VoiceCall.o [1]
SetDirection            0x200069d4     0x4  Data  Gb  1Wire.o [1]
SetDirection_STM32      0x08005349     0x2  Code  Gb  gpio.o [1]
SetGPRS_MuxMode         0x08004ba5     0xa  Code  Gb  TcpIp.o [1]
SetSysClock             0x080095b3    0xce  Code  Lc  system_stm32f4xx.o [1]
SysTick_Handler         0x0800996b     0x8  Code  Gb  main.o [1]
SystemCoreClock         0x20000020     0x4  Data  Gb  system_stm32f4xx.o [1]
SystemInit              0x08009561    0x52  Code  Gb  system_stm32f4xx.o [1]
TCPPStack               0x08004baf   0x3fa  Code  Gb  TcpIp.o [1]
TIM1_UP_TIM10_IRQHandler
                        0x080051f9    0x22  Code  Gb  tim.o [1]
TIM_ClearITPendingBit   0x08005d65     0x8  Code  Gb  stm32f4xx_tim.o [1]
TIM_Cmd                 0x08005ce3    0x1c  Code  Gb  stm32f4xx_tim.o [1]
TIM_GetITStatus         0x08005d33    0x32  Code  Gb  stm32f4xx_tim.o [1]
TIM_ITConfig            0x08005d1d    0x16  Code  Gb  stm32f4xx_tim.o [1]
TIM_TimeBaseInit        0x08005c79    0x6a  Code  Gb  stm32f4xx_tim.o [1]
TM_INT_USB_VCP_AddReceived
                        0x08005a3f    0x3c  Code  Gb  tm_stm32f4_usb_vcp.o [1]
TM_INT_USB_VCP_ReceiveBuffer
                        0x20006688    0x80  Data  Gb  tm_stm32f4_usb_vcp.o [1]
TM_USB_VCP_GetStatus    0x08005a7b    0x12  Code  Gb  tm_stm32f4_usb_vcp.o [1]
TM_USB_VCP_Getc         0x080059db    0x4c  Code  Gb  tm_stm32f4_usb_vcp.o [1]
TM_USB_VCP_INT_Init     0x20006ad9     0x1  Data  Gb  tm_stm32f4_usb_vcp.o [1]
TM_USB_VCP_INT_Status   0x20000239     0x1  Data  Gb  usbd_usr.o [1]
TM_USB_VCP_Init         0x080059ad    0x2e  Code  Gb  tm_stm32f4_usb_vcp.o [1]
TM_USB_VCP_Putc         0x08005a27    0x18  Code  Gb  tm_stm32f4_usb_vcp.o [1]
TickGet                 0x0800521b     0x6  Code  Gb  tim.o [1]
TransparentModeEnable   0x20006ad8     0x1  Data  Gb  TcpIp.o [1]
TransparentModeEnabled  0x20006ad7     0x1  Data  Gb  TcpIp.o [1]
UART4_IRQHandler        0x0800472f    0x32  Code  Gb  ComPort.o [1]
USART_ClearITPendingBit
                        0x080055f1    0x26  Code  Gb  stm32f4xx_usart.o [1]
USART_Cmd               0x08005551    0x1c  Code  Gb  stm32f4xx_usart.o [1]
USART_DeInit            0x08005361    0xdc  Code  Gb  stm32f4xx_usart.o [1]
USART_GetFlagStatus     0x080055d3    0x1e  Code  Gb  stm32f4xx_usart.o [1]
USART_ITConfig          0x0800557d    0x56  Code  Gb  stm32f4xx_usart.o [1]
USART_Init              0x0800543d    0xee  Code  Gb  stm32f4xx_usart.o [1]
USART_ReceiveData       0x08005575     0x8  Code  Gb  stm32f4xx_usart.o [1]
USART_SendData          0x0800556d     0x8  Code  Gb  stm32f4xx_usart.o [1]
USBD_CDC_cb             0x20000028    0x2c  Data  Gb  usbd_cdc_core.o [1]
USBD_ClrCfg             0x080061c9    0x18  Code  Gb  usbd_core.o [1]
USBD_ClrFeature         0x08006da1    0x3a  Code  Lc  usbd_req.o [1]
USBD_CtlContinueRx      0x08006f15    0x1e  Code  Gb  usbd_ioreq.o [1]
USBD_CtlContinueSendData
                        0x08006ec7    0x1e  Code  Gb  usbd_ioreq.o [1]
USBD_CtlError           0x08006e1f    0x1e  Code  Gb  usbd_req.o [1]
USBD_CtlPrepareRx       0x08006ee5    0x30  Code  Gb  usbd_ioreq.o [1]
USBD_CtlReceiveStatus   0x08006f57    0x24  Code  Gb  usbd_ioreq.o [1]
USBD_CtlSendData        0x08006e97    0x30  Code  Gb  usbd_ioreq.o [1]
USBD_CtlSendStatus      0x08006f33    0x24  Code  Gb  usbd_ioreq.o [1]
USBD_DCD_INT_cb         0x200000b4    0x2c  Data  Gb  usbd_core.o [1]
USBD_DCD_INT_fops       0x200000e0     0x4  Data  Gb  usbd_core.o [1]
USBD_DataInStage        0x0800603b    0xd2  Code  Lc  usbd_core.o [1]
USBD_DataOutStage       0x08005fa1    0x9a  Code  Lc  usbd_core.o [1]
USBD_DeInit             0x08005f49     0x6  Code  Gb  usbd_core.o [1]
USBD_DeviceDesc         0x20000100    0x14  Data  Gb  usbd_desc.o [1]
USBD_GetConfig          0x08006c4f    0x48  Code  Lc  usbd_req.o [1]
USBD_GetDescriptor      0x080069ef   0x13a  Code  Lc  usbd_req.o [1]
USBD_GetLen             0x08006e83    0x14  Code  Lc  usbd_req.o [1]
USBD_GetStatus          0x08006c97    0x40  Code  Lc  usbd_req.o [1]
USBD_GetString          0x08006e3d    0x46  Code  Gb  usbd_req.o [1]
USBD_Init               0x08005f05    0x44  Code  Gb  usbd_core.o [1]
USBD_IsoINIncomplete    0x080061e1    0x12  Code  Lc  usbd_core.o [1]
USBD_IsoOUTIncomplete   0x080061f3    0x12  Code  Lc  usbd_core.o [1]
USBD_LangIDDesc         0x20000114     0x4  Data  Gb  usbd_desc.o [1]
USBD_OTG_ISR_Handler    0x08006fa9    0xea  Code  Gb  usb_dcd_int.o [1]
USBD_ParseSetupRequest  0x08006ddb    0x44  Code  Gb  usbd_req.o [1]
USBD_Reset              0x08006121    0x30  Code  Lc  usbd_core.o [1]
USBD_Resume             0x08006151    0x1e  Code  Lc  usbd_core.o [1]
USBD_RunTestMode        0x0800610d     0xe  Code  Lc  usbd_core.o [1]
USBD_SOF                0x0800618d    0x1c  Code  Lc  usbd_core.o [1]
USBD_SetAddress         0x08006b29    0x60  Code  Lc  usbd_req.o [1]
USBD_SetCfg             0x080061a9    0x20  Code  Gb  usbd_core.o [1]
USBD_SetConfig          0x08006b89    0xc6  Code  Lc  usbd_req.o [1]
USBD_SetFeature         0x08006cd7    0xb6  Code  Lc  usbd_req.o [1]
USBD_SetupStage         0x08005f4f    0x52  Code  Lc  usbd_core.o [1]
USBD_StdDevReq          0x080067b1    0x7c  Code  Gb  usbd_req.o [1]
USBD_StdEPReq           0x0800687b   0x174  Code  Gb  usbd_req.o [1]
USBD_StdItfReq          0x0800682d    0x4e  Code  Gb  usbd_req.o [1]
USBD_StrDesc            0x2000620c   0x100  Data  Gb  usbd_req.o [1]
USBD_Suspend            0x0800616f    0x1e  Code  Lc  usbd_core.o [1]
USBD_USR_ConfigStrDescriptor
                        0x0800985d    0x14  Code  Gb  usbd_desc.o [1]
USBD_USR_DeviceConfigured
                        0x08009985     0x8  Code  Gb  usbd_usr.o [1]
USBD_USR_DeviceConnected
                        0x0800999d     0x8  Code  Gb  usbd_usr.o [1]
USBD_USR_DeviceDescriptor
                        0x0800980d     0xa  Code  Gb  usbd_desc.o [1]
USBD_USR_DeviceDisconnected
                        0x080099a5     0x8  Code  Gb  usbd_usr.o [1]
USBD_USR_DeviceReset    0x0800997d     0x8  Code  Gb  usbd_usr.o [1]
USBD_USR_DeviceResumed  0x08009995     0x8  Code  Gb  usbd_usr.o [1]
USBD_USR_DeviceSuspended
                        0x0800998d     0x8  Code  Gb  usbd_usr.o [1]
USBD_USR_Init           0x08009975     0x8  Code  Gb  usbd_usr.o [1]
USBD_USR_InterfaceStrDescriptor
                        0x08009871    0x14  Code  Gb  usbd_desc.o [1]
USBD_USR_LangIDStrDescriptor
                        0x08009817     0xa  Code  Gb  usbd_desc.o [1]
USBD_USR_ManufacturerStrDescriptor
                        0x08009835    0x14  Code  Gb  usbd_desc.o [1]
USBD_USR_ProductStrDescriptor
                        0x08009821    0x14  Code  Gb  usbd_desc.o [1]
USBD_USR_SerialStrDescriptor
                        0x08009849    0x14  Code  Gb  usbd_desc.o [1]
USBD_cdc_GetCfgDesc     0x080090e5     0xa  Code  Lc  usbd_cdc_core.o [1]
USBD_cfg_status         0x20006ab0     0x4  Data  Gb  usbd_req.o [1]
USBD_default_cfg        0x20006aac     0x4  Data  Gb  usbd_req.o [1]
USBD_ep_status          0x20006aa8     0x4  Data  Gb  usbd_req.o [1]
USB_OTG_BSP_EnableInterrupt
                        0x08006457    0x2e  Code  Gb  usb_bsp.o [1]
USB_OTG_BSP_Init        0x080063ad    0xaa  Code  Gb  usb_bsp.o [1]
USB_OTG_BSP_mDelay      0x0800649d    0x12  Code  Gb  usb_bsp.o [1]
USB_OTG_BSP_uDelay      0x08006485    0x18  Code  Gb  usb_bsp.o [1]
USB_OTG_CoreInit        0x080077fd    0xce  Code  Gb  usb_core.o [1]
USB_OTG_CoreInitDev     0x08007a1b   0x1a2  Code  Gb  usb_core.o [1]
USB_OTG_CoreReset       0x08007647    0x60  Code  Lc  usb_core.o [1]
USB_OTG_DisableGlobalInt
                        0x080078e9    0x1e  Code  Gb  usb_core.o [1]
USB_OTG_EP0Activate     0x08007c4b    0x50  Code  Gb  usb_core.o [1]
USB_OTG_EP0StartXfer    0x08007ef9   0x12c  Code  Gb  usb_core.o [1]
USB_OTG_EP0_OutStart    0x080080ef    0x52  Code  Gb  usb_core.o [1]
USB_OTG_EPActivate      0x08007c9b    0x7a  Code  Gb  usb_core.o [1]
USB_OTG_EPClearStall    0x0800806f    0x46  Code  Gb  usb_core.o [1]
USB_OTG_EPDeactivate    0x08007d15    0x58  Code  Gb  usb_core.o [1]
USB_OTG_EPSetStall      0x08008025    0x4a  Code  Gb  usb_core.o [1]
USB_OTG_EPStartXfer     0x08007d6d   0x18c  Code  Gb  usb_core.o [1]
USB_OTG_EnableCommonInt
                        0x08007625    0x22  Code  Lc  usb_core.o [1]
USB_OTG_EnableDevInt    0x08007bbd    0x5a  Code  Gb  usb_core.o [1]
USB_OTG_EnableGlobalInt
                        0x080078cb    0x1e  Code  Gb  usb_core.o [1]
USB_OTG_FlushRxFifo     0x0800794f    0x40  Code  Gb  usb_core.o [1]
USB_OTG_FlushTxFifo     0x08007907    0x48  Code  Gb  usb_core.o [1]
USB_OTG_GetDeviceSpeed  0x08007c17    0x34  Code  Gb  usb_core.o [1]
USB_OTG_GetMode         0x080079d5     0xa  Code  Gb  usb_core.o [1]
USB_OTG_InitDevSpeed    0x08007a09    0x12  Code  Gb  usb_core.o [1]
USB_OTG_IsDeviceMode    0x080079df    0x18  Code  Gb  usb_core.o [1]
USB_OTG_ReadCoreItr     0x080079f7    0x12  Code  Gb  usb_core.o [1]
USB_OTG_ReadDevAllInEPItr
                        0x080080dd    0x12  Code  Gb  usb_core.o [1]
USB_OTG_ReadDevAllOutEp_itr
                        0x080080b5    0x12  Code  Gb  usb_core.o [1]
USB_OTG_ReadDevOutEP_itr
                        0x080080c7    0x16  Code  Gb  usb_core.o [1]
USB_OTG_ReadPacket      0x080076ef    0x2c  Code  Gb  usb_core.o [1]
USB_OTG_SelectCore      0x0800771b    0xe2  Code  Gb  usb_core.o [1]
USB_OTG_SetCurrentMode  0x08007999    0x3c  Code  Gb  usb_core.o [1]
USB_OTG_WritePacket     0x080076a7    0x48  Code  Gb  usb_core.o [1]
USB_OTG_dev             0x20005a40   0x5f4  Data  Gb  tm_stm32f4_usb_vcp.o [1]
USB_Rx_Buffer           0x20006834    0x40  Data  Gb  usbd_cdc_core.o [1]
USB_Tx_State            0x20006ada     0x1  Data  Gb  usbd_cdc_core.o [1]
USR_cb                  0x20000118    0x1c  Data  Gb  usbd_usr.o [1]
USR_desc                0x200000e4    0x1c  Data  Gb  usbd_desc.o [1]
UsageFault_Handler      0x080098e5     0x8  Code  Gb  stm32f4xx_it.o [1]
VCP_Ctrl                0x0800620d    0xa4  Code  Lc  usbd_cdc_vcp.o [1]
VCP_DataRx              0x080062f5    0x1c  Code  Gb  usbd_cdc_vcp.o [1]
VCP_DataTx              0x080062b1    0x38  Code  Gb  usbd_cdc_vcp.o [1]
VCP_DeInit              0x08006209     0x4  Code  Lc  usbd_cdc_vcp.o [1]
VCP_Init                0x08006205     0x4  Code  Lc  usbd_cdc_vcp.o [1]
VCP_fops                0x200000a0    0x14  Data  Gb  usbd_cdc_vcp.o [1]
VoiceCall               0x20006ab4     0x4  Data  Gb  VoiceCall.o [1]
VoiceCallInit           0x08004949    0x30  Code  Gb  VoiceCall.o [1]
VoiceCallState          0x20006adc     0x1  Data  Gb  VoiceCall.o [1]
VoiceCall_Accept        0x08004b01    0x2c  Code  Gb  VoiceCall.o [1]
VoiceCall_Machine       0x08004979   0x188  Code  Gb  VoiceCall.o [1]
_EncodingSb_Mbtowc      0x0800336b    0x30  Code  Gb  xencoding_sb.o [3]
_EncodingSb_Wctomb      0x08003351    0x1a  Code  Gb  xencoding_sb.o [3]
_GenldFull              0x08002607   0x24c  Code  Lc  xprintffull.o [3]
_IsdstStr               0x200001c8     0x4  Data  Gb  setlocale.o [3]
_LdtobFull              0x08002205   0x3fc  Code  Lc  xprintffull.o [3]
_LitobFull              0x080020fd   0x106  Code  Lc  xprintffull.o [3]
_LocaleC_isspace        0x08006f7b    0x14  Code  Gb  xlocale_c.o [3]
_LocaleC_tolower        0x08006f8f     0xc  Code  Gb  xlocale_c.o [3]
_LocaleEncoding         0x0800333f     0xe  Code  Gb  setlocale.o [3]
_LocaleForCat           0x0800332d    0x12  Code  Gb  setlocale.o [3]
_LocaleReturnString     0x200001e8    0x50  Data  Lc  setlocale.o [3]
_Locale_Profile         0x200001cc    0x1c  Data  Gb  setlocale.o [3]
_Locale_aeabi_lconv     0x2000018c    0x38  Data  Gb  localeconv.o [3]
_Locale_lconv           0x2000013c    0x50  Data  Gb  localeconv.o [3]
_Mbtowc                 0x0800289b    0x20  Code  Gb  xmbtowc.o [3]
_PrintfFull             0x08001735   0x638  Code  Gb  xprintffull.o [3]
_PutcharsFull           0x08002853    0x2e  Code  Lc  xprintffull.o [3]
_PutstrFull             0x08001df1   0x306  Code  Lc  xprintffull.o [3]
_SProut                 0x080028bb     0xa  Code  Gb  xsprout.o [3]
_TzoneStr               0x200001c4     0x4  Data  Gb  setlocale.o [3]
_Wctomb                 0x08002977    0x1a  Code  Gb  xwctomb.o [3]
__aeabi_cdcmple         0x08002b39          Code  Gb  DblCmpLe.o [4]
__aeabi_cdrcmple        0x08002b69          Code  Gb  DblCmpGe.o [4]
__aeabi_d2iz            0x08002cad          Code  Gb  DblToI32.o [4]
__aeabi_d2uiz           0x08002cd9          Code  Gb  DblToI32.o [4]
__aeabi_ddiv            0x08003059          Code  Gb  DblDiv.o [4]
__aeabi_dmul            0x08002eb5          Code  Gb  DblMul.o [4]
__aeabi_dsub            0x08002d35          Code  Gb  DblSub.o [4]
__aeabi_errno_addr      0x080063a1     0x6  Code  Gb  errno.o [3]
__aeabi_i2d             0x08002d05          Code  Gb  I32ToDbl.o [4]
__aeabi_ldiv0           0x080033b1          Code  Gb  I64DivZer.o [5]
__aeabi_memset          0x08006311          Code  Gb  ABImemset.o [5]
__aeabi_ui2d            0x08002d19          Code  Gb  I32ToDbl.o [4]
__aeabi_uldivmod        0x08002a09          Code  Gb  I64DivMod.o [5]
__cmain                 0x08009b09          Code  Gb  cmain.o [5]
__data_GetMemChunk      0x080016f5    0x2c  Code  Gb  xgetmemchunk.o [3]
__exit                  0x08001721    0x14  Code  Gb  exit.o [6]
__iar_Dnorm             0x08002af7    0x42  Code  Gb  xdnorm.o [4]
__iar_Dscale            0x08002b99   0x114  Code  Gb  xdscale.o [4]
__iar_Errno             0x20000138     0x4  Data  Gb  errno.o [3]
__iar_Locale_lconv_init
                        0x080032b1    0x3a  Code  Gb  localeconv.o [3]
__iar_Mbcurmax          0x0800296d     0xa  Code  Gb  xmbcurmax.o [3]
__iar_Memchr            0x08002915          Code  Gb  memchr.o [5]
__iar_Memset            0x08006311          Code  Gb  ABImemset.o [5]
__iar_Memset_word       0x08006319          Code  Gb  ABImemset.o [5]
__iar_Stoul             0x08005eb1     0x4  Code  Gb  xstoul.o [3]
__iar_Stoulx            0x08005d6d   0x13e  Code  Gb  xstoul.o [3]
__iar_Strchr            0x080028c5          Code  Gb  strchr.o [5]
__iar_d2uiz             0x08002ce5          Code  Gb  DblToI32.o [4]
__iar_dadd              0x080033b5          Code  Gb  DblAdd.o [4]
__iar_data_init3        0x08009a3d    0x28  Code  Gb  data_init.o [5]
__iar_dlfree            0x0800115f   0x510  Code  Gb  dlmalloc.o [3]
__iar_dlib_perthread_access
                        0x08003489     0x2  Code  Gb  xtls.o [3]
__iar_dlmalloc          0x08000ea9   0x2aa  Code  Gb  dlmalloc.o [3]
__iar_dsub              0x08002d49          Code  Gb  DblSub.o [4]
__iar_dsubStart         0x08002d5b          Code  Gb  DblSub.o [4]
__iar_init_vfp          0x08009a89          Code  Gb  fpinit_M.o [4]
__iar_lz77_init_single3
                        0x0800167f    0x76  Code  Gb  lz77_init_single.o [5]
__iar_program_start     0x08009f25          Code  Gb  cstartup_M.o [5]
__iar_ui2d              0x08002d1d          Code  Gb  I32ToDbl.o [4]
__iar_unaligned___aeabi_memcpy
                        0x08002991          Code  Gb  ABImemcpy_unaligned.o [5]
__iar_unaligned___aeabi_memcpy4
                        0x080029b1          Code  Gb  ABImemcpy_unaligned.o [5]
__iar_unaligned___aeabi_memcpy8
                        0x080029b1          Code  Gb  ABImemcpy_unaligned.o [5]
__iar_unaligned_strncpy
                        0x08005c0d          Code  Gb  strncpy_unaligned.o [5]
__iar_zero_init3        0x080098f5    0x40  Code  Gb  zero_init3.o [5]
__low_level_init        0x08009b23     0x4  Code  Gb  low_level_init.o [3]
__resulBuff             0x20006708    0x64  Data  Gb  gsm.o [1]
__result                0x2000697c     0xc  Data  Gb  gsm.o [1]
__vector_table          0x08000000          Data  Gb  startup_stm32f40xx.o [1]
_call_main              0x08009b15          Code  Gb  cmain.o [5]
_exit                   0x08009b2d          Code  Gb  cexit.o [5]
_gm_                    0x20006034   0x1d8  Data  Lc  dlmalloc.o [3]
_main                   0x08009b1f          Code  Gb  cmain.o [5]
abort                   0x08001679     0x6  Code  Gb  abort.o [3]
answer_cpy              0x2000676c    0x64  Data  Gb  gsm.o [1]
atoi                    0x08005357     0x8  Code  Gb  atoi.o [3]
catched                 0x20006ad6     0x1  Data  Gb  stm32f4xx_it.o [1]
cdcCmd                  0x20000024     0x4  Data  Lc  usbd_cdc_core.o [1]
cdcLen                  0x20006a9c     0x4  Data  Lc  usbd_cdc_core.o [1]
checkTick               0x200069ec     0x4  Data  Gb  1Wire.o [1]
digits                  0x08005eb4    0x28  Data  Lc  xstoul.o [3]
div                     0x0800331d     0xe  Code  Gb  div.o [3]
drive_OW_high           0x200069dc     0x4  Data  Gb  1Wire.o [1]
drive_OW_high_STM32     0x0800534d     0x2  Code  Gb  gpio.o [1]
drive_OW_low            0x200069d8     0x4  Data  Gb  1Wire.o [1]
drive_OW_low_STM32      0x0800534b     0x2  Code  Gb  gpio.o [1]
exit                    0x08009b27     0x4  Code  Gb  exit.o [3]
init_mparams            0x080001a3    0x32  Code  Lc  dlmalloc.o [3]
init_top                0x080001d5    0x34  Code  Lc  dlmalloc.o [3]
isspace                 0x08006377    0x14  Code  Gb  isxxx.o [3]
lastRes                 0x200068dc    0x14  Data  Gb  gsm.o [1]
linecoding              0x20000098     0x8  Data  Gb  usbd_cdc_vcp.o [1]
localeconv              0x080032eb    0x16  Code  Gb  localeconv.o [3]
main                    0x08009935    0x36  Code  Gb  main.o [1]
makeFreeRtosPriority    0x0800975d    0x12  Code  Lc  cmsis_os.o [1]
memchr                  0x08002915          Code  Gb  memchr.o [5]
memcpy                  0x08009555     0xc  Code  Gb  memcpy.o [3]
mparams                 0x200068c4    0x18  Data  Lc  dlmalloc.o [3]
ndigs                   0x08005edc    0x28  Data  Lc  xstoul.o [3]
osKernelStart           0x0800976f     0xa  Code  Gb  cmsis_os.o [1]
osSystickHandler        0x080097b3    0x10  Code  Gb  cmsis_os.o [1]
osThreadCreate          0x08009779    0x3a  Code  Gb  cmsis_os.o [1]
prepend_alloc           0x08000209   0x36c  Code  Lc  dlmalloc.o [3]
prvAllocateTCBAndStack  0x08008769    0x5a  Code  Lc  tasks.o [1]
prvCheckTasksWaitingTermination
                        0x080086f9    0x66  Code  Lc  tasks.o [1]
prvDeleteTCB            0x080087c3    0x12  Code  Lc  tasks.o [1]
prvHeapInit             0x08008c59    0x6e  Code  Lc  heap_4.o [1]
prvIdleTask             0x08008605    0x26  Code  Lc  tasks.o [1]
prvInitialiseTCBVariables
                        0x0800862b    0x6c  Code  Lc  tasks.o [1]
prvInitialiseTaskLists  0x08008697    0x58  Code  Lc  tasks.o [1]
prvInsertBlockIntoFreeList
                        0x08008cc7    0x62  Code  Lc  heap_4.o [1]
prvResetNextTaskUnblockTime
                        0x080087d5    0x26  Code  Lc  tasks.o [1]
prvTaskExitError        0x08008889    0x2a  Code  Lc  port.o [1]
pvPortMalloc            0x08008ac9   0x118  Code  Gb  heap_4.o [1]
pxCurrentTCB            0x20006a44     0x4  Data  Gb  tasks.o [1]
pxDelayedTaskList       0x20006a48     0x4  Data  Lc  tasks.o [1]
pxEnd                   0x20006a20     0x4  Data  Lc  heap_4.o [1]
pxOverflowDelayedTaskList
                        0x20006a4c     0x4  Data  Lc  tasks.o [1]
pxPortInitialiseStack   0x08008865    0x24  Code  Gb  port.o [1]
pxReadyTasksLists       0x200065fc    0x8c  Data  Lc  tasks.o [1]
rb                      0x20006ad1     0x1  Data  Gb  gsm.o [1]
read_OW                 0x200069e0     0x4  Data  Gb  1Wire.o [1]
read_OW_STM32           0x0800534f     0x4  Code  Gb  gpio.o [1]
received                0x200069f0     0x4  Data  Gb  ComPort.o [1]
result_l                0x20006988     0xc  Data  Lc  gsm.o [1]
result_l                0x20000004     0xc  Data  Lc  SMS.o [1]
result_l                0x200069ac     0xc  Data  Lc  TcpIp.o [1]
result_l                0x200069b8     0xc  Data  Lc  VoiceCall.o [1]
rxTestBuff              0x2000630c    0xc8  Data  Gb  ComPort.o [1]
rxTestBuff2             0x2000649c    0xc8  Data  Gb  ComPort.o [1]
segment_holding         0x08000189    0x1a  Code  Lc  dlmalloc.o [3]
socket_List             0x200069a0     0xc  Data  Gb  TcpIp.o [1]
sprintf                 0x08005b95    0x34  Code  Gb  sprintf.o [3]
strcat                  0x08005bc9    0x1c  Code  Gb  strcat.o [3]
strchr                  0x080028c5          Code  Gb  strchr.o [5]
strlen                  0x080028dd          Code  Gb  strlen.o [5]
strncat                 0x08005be5    0x28  Code  Gb  strncat.o [3]
strncmp                 0x08005151    0x28  Code  Gb  strncmp.o [3]
sysTick                 0x20006a7c     0x4  Data  Gb  tim.o [1]
sys_alloc               0x08000575   0x386  Code  Lc  dlmalloc.o [3]
terminator              0x20006ac8     0x2  Data  Gb  gsm.o [1]
testb                   0x20006acb     0x1  Data  Gb  ComPort.o [1]
tm_int_usb_vcp_buf_in   0x20006a80     0x4  Data  Gb  tm_stm32f4_usb_vcp.o [1]
tm_int_usb_vcp_buf_num  0x20006a88     0x4  Data  Gb  tm_stm32f4_usb_vcp.o [1]
tm_int_usb_vcp_buf_out  0x20006a84     0x4  Data  Gb  tm_stm32f4_usb_vcp.o [1]
tmalloc_large           0x08000909   0x390  Code  Lc  dlmalloc.o [3]
tmalloc_small           0x08000c99   0x210  Code  Lc  dlmalloc.o [3]
tolower                 0x0800638b    0x14  Code  Gb  tolower.o [3]
txTestBuff              0x200063d4    0xc8  Data  Gb  ComPort.o [1]
ucHeap                  0x20001640  0x3c00  Data  Lc  heap_4.o [1]
ucMaxSysCallPriority    0x20006ad2     0x1  Data  Lc  port.o [1]
ulMaxPRIGROUPValue      0x20006a30     0x4  Data  Lc  port.o [1]
usbd_cdc_AltSet         0x20006a8c     0x4  Data  Lc  usbd_cdc_core.o [1]
usbd_cdc_CfgDesc        0x20000054    0x44  Data  Gb  usbd_cdc_core.o [1]
usbd_cdc_DataIn         0x08008f5d    0x7c  Code  Lc  usbd_cdc_core.o [1]
usbd_cdc_DataOut        0x08008fd9    0x30  Code  Lc  usbd_cdc_core.o [1]
usbd_cdc_DeInit         0x08008e3d    0x28  Code  Lc  usbd_cdc_core.o [1]
usbd_cdc_EP0_RxReady    0x08008f37    0x26  Code  Lc  usbd_cdc_core.o [1]
usbd_cdc_Init           0x08008df1    0x4c  Code  Lc  usbd_cdc_core.o [1]
usbd_cdc_SOF            0x08009009    0x22  Code  Lc  usbd_cdc_core.o [1]
usbd_cdc_Setup          0x08008e65    0xd2  Code  Lc  usbd_cdc_core.o [1]
uxCriticalNesting       0x20000000     0x4  Data  Lc  port.o [1]
uxCurrentNumberOfTasks  0x20006a54     0x4  Data  Lc  tasks.o [1]
uxListRemove            0x08008aa1    0x28  Code  Gb  list.o [1]
uxPendedTicks           0x20006a64     0x4  Data  Lc  tasks.o [1]
uxSchedulerSuspended    0x20006a78     0x4  Data  Lc  tasks.o [1]
uxTaskNumber            0x20006a70     0x4  Data  Lc  tasks.o [1]
uxTasksDeleted          0x20006a50     0x4  Data  Lc  tasks.o [1]
uxTopReadyPriority      0x20006a5c     0x4  Data  Lc  tasks.o [1]
vListInitialise         0x08008a65    0x1e  Code  Gb  list.o [1]
vListInitialiseItem     0x08008a83     0x6  Code  Gb  list.o [1]
vListInsertEnd          0x08008a89    0x18  Code  Gb  list.o [1]
vPortEnableVFP          0x08008dd5          Code  Gb  portasm.o [1]
vPortEnterCritical      0x0800897f    0x3a  Code  Gb  port.o [1]
vPortExitCritical       0x080089b9    0x32  Code  Gb  port.o [1]
vPortFree               0x08008be1    0x78  Code  Gb  heap_4.o [1]
vPortSetupTimerInterrupt
                        0x08008a17    0x1a  Code  Wk  port.o [1]
vPortStartFirstTask     0x08008dbd          Code  Gb  portasm.o [1]
vTaskStartScheduler     0x080082c5    0x6c  Code  Gb  tasks.o [1]
vTaskSuspendAll         0x08008331    0x10  Code  Gb  tasks.o [1]
vTaskSwitchContext      0x08008575    0x72  Code  Gb  tasks.o [1]
wait                    0x200069e8     0x4  Data  Gb  1Wire.o [1]
wait_STM32              0x08005355     0x2  Code  Gb  gpio.o [1]
xBlockAllocatedBit      0x20006a2c     0x4  Data  Lc  heap_4.o [1]
xDelayedTaskList1       0x200068f0    0x14  Data  Lc  tasks.o [1]
xDelayedTaskList2       0x20006904    0x14  Data  Lc  tasks.o [1]
xFreeBytesRemaining     0x20006a24     0x4  Data  Lc  heap_4.o [1]
xHeapStructSize         0x0800a000     0x4  Data  Lc  heap_4.o [1]
xMinimumEverFreeBytesRemaining
                        0x20006a28     0x4  Data  Lc  heap_4.o [1]
xNextTaskUnblockTime    0x20006a74     0x4  Data  Lc  tasks.o [1]
xNumOfOverflows         0x20006a6c     0x4  Data  Lc  tasks.o [1]
xPendingReadyList       0x20006918    0x14  Data  Lc  tasks.o [1]
xPortStartScheduler     0x080088b3    0xcc  Code  Gb  port.o [1]
xPortSysTickHandler     0x080089eb    0x2c  Code  Gb  port.o [1]
xSchedulerRunning       0x20006a60     0x4  Data  Lc  tasks.o [1]
xStart                  0x200069c4     0x8  Data  Lc  heap_4.o [1]
xSuspendedTaskList      0x20006940    0x14  Data  Lc  tasks.o [1]
xTaskGenericCreate      0x08008141   0x184  Code  Gb  tasks.o [1]
xTaskGetSchedulerState  0x080087fb    0x26  Code  Gb  tasks.o [1]
xTaskIncrementTick      0x08008441   0x134  Code  Gb  tasks.o [1]
xTaskResumeAll          0x08008341   0x100  Code  Gb  tasks.o [1]
xTasksWaitingTermination
                        0x2000692c    0x14  Data  Lc  tasks.o [1]
xTickCount              0x20006a58     0x4  Data  Lc  tasks.o [1]
xYieldPending           0x20006a68     0x4  Data  Lc  tasks.o [1]


[1] = E:\Git_Rep\GSM_RTSO_FATFS\EWARM\GSM_RTSO_FATFS\Obj
[2] = command line
[3] = dl7M_tlf.a
[4] = m7M_tls.a
[5] = rt7M_tl.a
[6] = shb_l.a

  39 804 bytes of readonly  code memory
   1 746 bytes of readonly  data memory
  27 351 bytes of readwrite data memory

Errors: none
Warnings: none
